// Jest Snapshot v1, https://goo.gl/fbAQLP

exports[`App Component Snapshot renders the UI as expected 1`] = `
<div
  className="app"
>
  <header>
    <div
      className="header"
    >
      <a
        href="/"
        onClick={[Function]}
        style={
          Object {
            "color": "inherit",
            "textDecoration": "none",
          }
        }
      >
        <h1>
          dc_routes
        </h1>
      </a>
    </div>
  </header>
  <nav>
    <ul>
      <a
        href="/route"
        onClick={[Function]}
        style={
          Object {
            "color": "inherit",
            "textDecoration": "none",
          }
        }
      >
        <li>
          _routes
        </li>
      </a>
      <a
        href="/addNew"
        onClick={[Function]}
        style={
          Object {
            "color": "inherit",
            "textDecoration": "none",
          }
        }
      >
        <li>
          _add
        </li>
      </a>
    </ul>
  </nav>
  <main>
    <div>
      <h2>
        let's go!
      </h2>
      <p>
        This app offers various running routes in the Washington, DC, area. Choose which part of DC you want to run in, how far you want to run, or what type of route you want to run.
      </p>
      <p>
        You can also add your own routes to the list to help expand our database of DC running routes. Feel free to edit your routes if something changes about them or if additional information is necessary.
      </p>
      <p>
        Click below to see the full list of routes!
      </p>
      <button
        className="buttons"
        onClick={[Function]}
      >
        Get Started
      </button>
    </div>
  </main>
  <div
    className="footer"
  >
    <h1>
      ★★★
    </h1>
  </div>
</div>
`;
