// Jest Snapshot v1, https://goo.gl/fbAQLP

exports[`Route Component Snapshot renders the UI as expected 1`] = `
<div
  className="route-card"
>
  <a
    href="/route/byid/undefined"
    onClick={[Function]}
    style={
      Object {
        "color": "inherit",
        "textDecoration": "none",
      }
    }
  >
    <h3 />
  </a>
  <h5>
     | 
  </h5>
  <h5>
     miles | Difficulty: 
  </h5>
  <p />
</div>
`;
