// Jest Snapshot v1, https://goo.gl/fbAQLP

exports[`Nav Component Snapshot renders the UI as expected 1`] = `
<ul>
  <a
    href="/route"
    onClick={[Function]}
    style={
      Object {
        "color": "inherit",
        "textDecoration": "none",
      }
    }
  >
    <li>
      _routes
    </li>
  </a>
  <a
    href="/addNew"
    onClick={[Function]}
    style={
      Object {
        "color": "inherit",
        "textDecoration": "none",
      }
    }
  >
    <li>
      _add
    </li>
  </a>
  <a
    href="/help"
    onClick={[Function]}
    style={
      Object {
        "color": "inherit",
        "textDecoration": "none",
      }
    }
  >
    <li>
      _help
    </li>
  </a>
</ul>
`;
